<dataset>
    <table-config>
        <data>
            <order_id>int</order_id>
            <user_id>int</user_id>
        </data>
    </table-config>
    <data order_id="1000" user_id="10"  />
    <!--<data order_id="1100" user_id="11"  />
    <data order_id="2200" user_id="22"  />-->
</dataset>
